[    0.000000] Initializing cgroup subsys cpuset
[    0.000000] Initializing cgroup subsys cpu
[    0.000000] Linux version 3.2.0-55-generic (buildd@batsu) (gcc version 4.6.3 (Ubuntu/Linaro 4.6.3-1ubuntu5) ) #85-Ubuntu SMP Wed Oct 2 12:29:27 UTC 2013 (Ubuntu 3.2.0-55.85-generic 3.2.51)
[    0.000000] Command line: BOOT_IMAGE=/boot/vmlinuz-3.2.0-55-generic root=UUID=9e5e6dad-fc0f-4f2c-bb11-e93e8b9a9955 ro quiet splash vt.handoff=7
[    0.000000] KERNEL supported cpus:
[    0.000000]   Intel GenuineIntel
[    0.000000]   AMD AuthenticAMD
[    0.000000]   Centaur CentaurHauls
[    0.000000] BIOS-provided physical RAM map:
[    0.000000]  BIOS-e820: 0000000000000000 - 000000000009ac00 (usable)
[    0.000000]  BIOS-e820: 000000000009ac00 - 00000000000a0000 (reserved)
[    0.000000]  BIOS-e820: 00000000000e0000 - 0000000000100000 (reserved)
[    0.000000]  BIOS-e820: 0000000000100000 - 00000000b354c000 (usable)
[    0.000000]  BIOS-e820: 00000000b354c000 - 00000000b3594000 (ACPI NVS)
[    0.000000]  BIOS-e820: 00000000b3594000 - 00000000b359f000 (ACPI data)
[    0.000000]  BIOS-e820: 00000000b359f000 - 00000000b35a3000 (ACPI NVS)
[    0.000000]  BIOS-e820: 00000000b35a3000 - 00000000b35cc000 (reserved)
[    0.000000]  BIOS-e820: 00000000b35cc000 - 00000000b35ce000 (usable)
[    0.000000]  BIOS-e820: 00000000b35ce000 - 00000000b35ef000 (ACPI NVS)
[    0.000000]  BIOS-e820: 00000000b35ef000 - 00000000b3602000 (reserved)
[    0.000000]  BIOS-e820: 00000000b3602000 - 00000000b360c000 (ACPI NVS)
[    0.000000]  BIOS-e820: 00000000b360c000 - 00000000b360e000 (reserved)
[    0.000000]  BIOS-e820: 00000000b360e000 - 00000000b361f000 (ACPI NVS)
[    0.000000]  BIOS-e820: 00000000b361f000 - 00000000b3647000 (reserved)
[    0.000000]  BIOS-e820: 00000000b3647000 - 00000000b368a000 (ACPI NVS)
[    0.000000]  BIOS-e820: 00000000b368a000 - 00000000b3800000 (usable)
[    0.000000]  BIOS-e820: 00000000b7e00000 - 00000000c0000000 (reserved)
[    0.000000]  BIOS-e820: 00000000e0000000 - 00000000f0000000 (reserved)
[    0.000000]  BIOS-e820: 00000000fed1c000 - 00000000fed40000 (reserved)
[    0.000000]  BIOS-e820: 00000000ff000000 - 0000000100000000 (reserved)
[    0.000000]  BIOS-e820: 0000000100000000 - 0000000138000000 (usable)
[    0.000000] NX (Execute Disable) protection: active
[    0.000000] SMBIOS 2.6 present.
[    0.000000] DMI: LENOVO ThinkCentreM8200t/  , BIOS 5JKT51AUS 11/02/2010
[    0.000000] e820 update range: 0000000000000000 - 0000000000010000 (usable) ==> (reserved)
[    0.000000] e820 remove range: 00000000000a0000 - 0000000000100000 (usable)
[    0.000000] No AGP bridge found
[    0.000000] last_pfn = 0x138000 max_arch_pfn = 0x400000000
[    0.000000] MTRR default type: uncachable
[    0.000000] MTRR fixed ranges enabled:
[    0.000000]   00000-9FFFF write-back
[    0.000000]   A0000-BFFFF uncachable
[    0.000000]   C0000-D3FFF write-protect
[    0.000000]   D4000-DFFFF uncachable
[    0.000000]   E0000-FFFFF write-protect
[    0.000000] MTRR variable ranges enabled:
[    0.000000]   0 base 000000000 mask F00000000 write-back
[    0.000000]   1 base 100000000 mask FC0000000 write-back
[    0.000000]   2 base 0B4000000 mask FFC000000 uncachable
[    0.000000]   3 base 0B8000000 mask FF8000000 uncachable
[    0.000000]   4 base 0C0000000 mask FC0000000 uncachable
[    0.000000]   5 base 138000000 mask FF8000000 uncachable
[    0.000000]   6 disabled
[    0.000000]   7 disabled
[    0.000000] x86 PAT enabled: cpu 0, old 0x7040600070406, new 0x7010600070106
[    0.000000] original variable MTRRs
[    0.000000] reg 0, base: 0GB, range: 4GB, type WB
[    0.000000] reg 1, base: 4GB, range: 1GB, type WB
[    0.000000] reg 2, base: 2880MB, range: 64MB, type UC
[    0.000000] reg 3, base: 2944MB, range: 128MB, type UC
[    0.000000] reg 4, base: 3GB, range: 1GB, type UC
[    0.000000] reg 5, base: 4992MB, range: 128MB, type UC
[    0.000000] total RAM covered: 3776M
[    0.000000] Found optimal setting for mtrr clean up
[    0.000000]  gran_size: 64K 	chunk_size: 256M 	num_reg: 6  	lose cover RAM: 0G
[    0.000000] New variable MTRRs
[    0.000000] reg 0, base: 0GB, range: 2GB, type WB
[    0.000000] reg 1, base: 2GB, range: 1GB, type WB
[    0.000000] reg 2, base: 2880MB, range: 64MB, type UC
[    0.000000] reg 3, base: 2944MB, range: 128MB, type UC
[    0.000000] reg 4, base: 4GB, range: 1GB, type WB
[    0.000000] reg 5, base: 4992MB, range: 128MB, type UC
[    0.000000] e820 update range: 00000000b4000000 - 0000000100000000 (usable) ==> (reserved)
[    0.000000] last_pfn = 0xb3800 max_arch_pfn = 0x400000000
[    0.000000] found SMP MP-table at [ffff8800000fced0] fced0
[    0.000000] initial memory mapped : 0 - 20000000
[    0.000000] Base memory trampoline at [ffff880000095000] 95000 size 20480
[    0.000000] init_memory_mapping: 0000000000000000-00000000b3800000
[    0.000000]  0000000000 - 00b3800000 page 2M
[    0.000000] kernel direct mapping tables up to b3800000 @ 1fffc000-20000000
[    0.000000] init_memory_mapping: 0000000100000000-0000000138000000
[    0.000000]  0100000000 - 0138000000 page 2M
[    0.000000] kernel direct mapping tables up to 138000000 @ b37fe000-b3800000
[    0.000000] RAMDISK: 364a4000 - 3724a000
[    0.000000] ACPI: RSDP 00000000000f0420 00024 (v02 LENOVO)
[    0.000000] ACPI: XSDT 00000000b3594088 00064 (v01 LENOVO TC-5J    00000133 AMI  00010013)
[    0.000000] ACPI: FACP 00000000b359dac8 000F4 (v03 LENOVO TC-5J    00000133 AMI  00010013)
[    0.000000] ACPI Warning: 32/64 FACS address mismatch in FADT - two FACS tables! (20110623/tbfadt-365)
[    0.000000] ACPI Warning: 32/64X FACS address mismatch in FADT - 0xB3609E40/0x00000000B3609E80, using 32 (20110623/tbfadt-489)
[    0.000000] ACPI: DSDT 00000000b3594180 09947 (v02 LENOVO TC-5J    00000133 INTL 20051117)
[    0.000000] ACPI: FACS 00000000b3609e40 00040
[    0.000000] ACPI: APIC 00000000b359dbc0 00072 (v01 LENOVO TC-5J    00000133 AMI  00010013)
[    0.000000] ACPI: SSDT 00000000b359dc38 0014E (v01 LENOVO TC-5J    00000133 MSFT 03000001)
[    0.000000] ACPI: MCFG 00000000b359dd88 0003C (v01 LENOVO TC-5J    00000133 MSFT 00000097)
[    0.000000] ACPI: SLIC 00000000b359ddc8 00176 (v01 LENOVO TC-5J    00000133 AMI  00010013)
[    0.000000] ACPI: HPET 00000000b359df40 00038 (v01 LENOVO TC-5J    00000133 AMI. 00000003)
[    0.000000] ACPI: ASF! 00000000b359df78 000A0 (v32 LENOVO TC-5J    00000133 TFSM 000F4240)
[    0.000000] ACPI: TCPA 00000000b359e018 00032 (v02 LENOVO TC-5J    00000133 MSFT 01000013)
[    0.000000] ACPI: Local APIC address 0xfee00000
[    0.000000] No NUMA configuration found
[    0.000000] Faking a node at 0000000000000000-0000000138000000
[    0.000000] Initmem setup node 0 0000000000000000-0000000138000000
[    0.000000]   NODE_DATA [0000000137ffb000 - 0000000137ffffff]
[    0.000000]  [ffffea0000000000-ffffea0004dfffff] PMD -> [ffff880133a00000-ffff8801375fffff] on node 0
[    0.000000] Zone PFN ranges:
[    0.000000]   DMA      0x00000010 -> 0x00001000
[    0.000000]   DMA32    0x00001000 -> 0x00100000
[    0.000000]   Normal   0x00100000 -> 0x00138000
[    0.000000] Movable zone start PFN for each node
[    0.000000] early_node_map[5] active PFN ranges
[    0.000000]     0: 0x00000010 -> 0x0000009a
[    0.000000]     0: 0x00000100 -> 0x000b354c
[    0.000000]     0: 0x000b35cc -> 0x000b35ce
[    0.000000]     0: 0x000b368a -> 0x000b3800
[    0.000000]     0: 0x00100000 -> 0x00138000
[    0.000000] On node 0 totalpages: 964174
[    0.000000]   DMA zone: 64 pages used for memmap
[    0.000000]   DMA zone: 5 pages reserved
[    0.000000]   DMA zone: 3909 pages, LIFO batch:0
[    0.000000]   DMA32 zone: 16320 pages used for memmap
[    0.000000]   DMA32 zone: 714500 pages, LIFO batch:31
[    0.000000]   Normal zone: 3584 pages used for memmap
[    0.000000]   Normal zone: 225792 pages, LIFO batch:31
[    0.000000] ACPI: PM-Timer IO Port: 0x408
[    0.000000] ACPI: Local APIC address 0xfee00000
[    0.000000] ACPI: LAPIC (acpi_id[0x01] lapic_id[0x00] enabled)
[    0.000000] ACPI: LAPIC (acpi_id[0x02] lapic_id[0x04] enabled)
[    0.000000] ACPI: LAPIC (acpi_id[0x03] lapic_id[0x01] enabled)
[    0.000000] ACPI: LAPIC (acpi_id[0x04] lapic_id[0x05] enabled)
[    0.000000] ACPI: LAPIC_NMI (acpi_id[0xff] high edge lint[0x1])
[    0.000000] ACPI: IOAPIC (id[0x00] address[0xfec00000] gsi_base[0])
[    0.000000] IOAPIC[0]: apic_id 0, version 32, address 0xfec00000, GSI 0-23
[    0.000000] ACPI: INT_SRC_OVR (bus 0 bus_irq 0 global_irq 2 dfl dfl)
[    0.000000] ACPI: INT_SRC_OVR (bus 0 bus_irq 9 global_irq 9 high level)
[    0.000000] ACPI: IRQ0 used by override.
[    0.000000] ACPI: IRQ2 used by override.
[    0.000000] ACPI: IRQ9 used by override.
[    0.000000] Using ACPI (MADT) for SMP configuration information
[    0.000000] ACPI: HPET id: 0x8086a701 base: 0xfed00000
[    0.000000] SMP: Allowing 4 CPUs, 0 hotplug CPUs
[    0.000000] nr_irqs_gsi: 40
[    0.000000] PM: Registered nosave memory: 000000000009a000 - 000000000009b000
[    0.000000] PM: Registered nosave memory: 000000000009b000 - 00000000000a0000
[    0.000000] PM: Registered nosave memory: 00000000000a0000 - 00000000000e0000
[    0.000000] PM: Registered nosave memory: 00000000000e0000 - 0000000000100000
[    0.000000] PM: Registered nosave memory: 00000000b354c000 - 00000000b3594000
[    0.000000] PM: Registered nosave memory: 00000000b3594000 - 00000000b359f000
[    0.000000] PM: Registered nosave memory: 00000000b359f000 - 00000000b35a3000
[    0.000000] PM: Registered nosave memory: 00000000b35a3000 - 00000000b35cc000
[    0.000000] PM: Registered nosave memory: 00000000b35ce000 - 00000000b35ef000
[    0.000000] PM: Registered nosave memory: 00000000b35ef000 - 00000000b3602000
[    0.000000] PM: Registered nosave memory: 00000000b3602000 - 00000000b360c000
[    0.000000] PM: Registered nosave memory: 00000000b360c000 - 00000000b360e000
[    0.000000] PM: Registered nosave memory: 00000000b360e000 - 00000000b361f000
[    0.000000] PM: Registered nosave memory: 00000000b361f000 - 00000000b3647000
[    0.000000] PM: Registered nosave memory: 00000000b3647000 - 00000000b368a000
[    0.000000] PM: Registered nosave memory: 00000000b3800000 - 00000000b7e00000
[    0.000000] PM: Registered nosave memory: 00000000b7e00000 - 00000000c0000000
[    0.000000] PM: Registered nosave memory: 00000000c0000000 - 00000000e0000000
[    0.000000] PM: Registered nosave memory: 00000000e0000000 - 00000000f0000000
[    0.000000] PM: Registered nosave memory: 00000000f0000000 - 00000000fed1c000
[    0.000000] PM: Registered nosave memory: 00000000fed1c000 - 00000000fed40000
[    0.000000] PM: Registered nosave memory: 00000000fed40000 - 00000000ff000000
[    0.000000] PM: Registered nosave memory: 00000000ff000000 - 0000000100000000
[    0.000000] Allocating PCI resources starting at c0000000 (gap: c0000000:20000000)
[    0.000000] Booting paravirtualized kernel on bare hardware
[    0.000000] setup_percpu: NR_CPUS:256 nr_cpumask_bits:256 nr_cpu_ids:4 nr_node_ids:1
[    0.000000] PERCPU: Embedded 28 pages/cpu @ffff880137c00000 s83136 r8192 d23360 u524288
[    0.000000] pcpu-alloc: s83136 r8192 d23360 u524288 alloc=1*2097152
[    0.000000] pcpu-alloc: [0] 0 1 2 3 
[    0.000000] Built 1 zonelists in Node order, mobility grouping on.  Total pages: 944201
[    0.000000] Policy zone: Normal
[    0.000000] Kernel command line: BOOT_IMAGE=/boot/vmlinuz-3.2.0-55-generic root=UUID=9e5e6dad-fc0f-4f2c-bb11-e93e8b9a9955 ro quiet splash vt.handoff=7
[    0.000000] PID hash table entries: 4096 (order: 3, 32768 bytes)
[    0.000000] Checking aperture...
[    0.000000] No AGP bridge found
[    0.000000] Calgary: detecting Calgary via BIOS EBDA area
[    0.000000] Calgary: Unable to locate Rio Grande table in EBDA - bailing!
[    0.000000] Memory: 3698944k/5111808k available (6585k kernel code, 1255112k absent, 157752k reserved, 6620k data, 924k init)
[    0.000000] SLUB: Genslabs=15, HWalign=64, Order=0-3, MinObjects=0, CPUs=4, Nodes=1
[    0.000000] Hierarchical RCU implementation.
[    0.000000] 	RCU dyntick-idle grace-period acceleration is enabled.
[    0.000000] NR_IRQS:16640 nr_irqs:712 16
[    0.000000] Extended CMOS year: 2000
[    0.000000] vt handoff: transparent VT on vt#7
[    0.000000] Console: colour dummy device 80x25
[    0.000000] console [tty0] enabled
[    0.000000] allocated 31457280 bytes of page_cgroup
[    0.000000] please try 'cgroup_disable=memory' option if you don't want memory cgroups
[    0.000000] hpet clockevent registered
[    0.000000] Fast TSC calibration using PIT
[    0.004000] Detected 3192.104 MHz processor.
[    0.000002] Calibrating delay loop (skipped), value calculated using timer frequency.. 6384.20 BogoMIPS (lpj=12768416)
[    0.000006] pid_max: default: 32768 minimum: 301
[    0.000024] Security Framework initialized
[    0.000036] AppArmor: AppArmor initialized
[    0.000037] Yama: becoming mindful.
[    0.000311] Dentry cache hash table entries: 524288 (order: 10, 4194304 bytes)
[    0.001133] Inode-cache hash table entries: 262144 (order: 9, 2097152 bytes)
[    0.001476] Mount-cache hash table entries: 256
[    0.001577] Initializing cgroup subsys cpuacct
[    0.001581] Initializing cgroup subsys memory
[    0.001587] Initializing cgroup subsys devices
[    0.001589] Initializing cgroup subsys freezer
[    0.001591] Initializing cgroup subsys blkio
[    0.001595] Initializing cgroup subsys perf_event
[    0.001619] CPU: Physical Processor ID: 0
[    0.001620] CPU: Processor Core ID: 0
[    0.001625] mce: CPU supports 9 MCE banks
[    0.001635] CPU0: Thermal monitoring enabled (TM1)
[    0.001642] using mwait in idle threads.
[    0.003543] ACPI: Core revision 20110623
[    0.006791] ftrace: allocating 26595 entries in 105 pages
[    0.013833] ..TIMER: vector=0x30 apic1=0 pin1=2 apic2=-1 pin2=-1
[    0.053419] CPU0: Intel(R) Core(TM) i5 CPU         650  @ 3.20GHz stepping 05
[    0.159962] Performance Events: PEBS fmt1+, Westmere events, Intel PMU driver.
[    0.159968] ... version:                3
[    0.159969] ... bit width:              48
[    0.159970] ... generic registers:      4
[    0.159971] ... value mask:             0000ffffffffffff
[    0.159972] ... max period:             000000007fffffff
[    0.159973] ... fixed-purpose events:   3
[    0.159974] ... event mask:             000000070000000f
[    0.160104] NMI watchdog enabled, takes one hw-pmu counter.
[    0.160178] Booting Node   0, Processors  #1
[    0.160180] smpboot cpu 1: start_ip = 95000
[    0.267795] NMI watchdog enabled, takes one hw-pmu counter.
[    0.267891]  #2
[    0.267893] smpboot cpu 2: start_ip = 95000
[    0.375549] NMI watchdog enabled, takes one hw-pmu counter.
[    0.375634]  #3 Ok.
[    0.375636] smpboot cpu 3: start_ip = 95000
[    0.483220] NMI watchdog enabled, takes one hw-pmu counter.
[    0.483255] Brought up 4 CPUs
[    0.483256] Total of 4 processors activated (25535.73 BogoMIPS).
[    0.485643] devtmpfs: initialized
[    0.486317] EVM: security.selinux
[    0.486318] EVM: security.SMACK64
[    0.486319] EVM: security.capability
[    0.486339] PM: Registering ACPI NVS region at b354c000 (294912 bytes)
[    0.486345] PM: Registering ACPI NVS region at b359f000 (16384 bytes)
[    0.486347] PM: Registering ACPI NVS region at b35ce000 (135168 bytes)
[    0.486350] PM: Registering ACPI NVS region at b3602000 (40960 bytes)
[    0.486351] PM: Registering ACPI NVS region at b360e000 (69632 bytes)
[    0.486353] PM: Registering ACPI NVS region at b3647000 (274432 bytes)
[    0.486979] print_constraints: dummy: 
[    0.487008] RTC time: 14:03:10, date: 07/22/14
[    0.487033] NET: Registered protocol family 16
[    0.487109] Trying to unpack rootfs image as initramfs...
[    0.487116] ACPI: bus type pci registered
[    0.487172] PCI: MMCONFIG for domain 0000 [bus 00-ff] at [mem 0xe0000000-0xefffffff] (base 0xe0000000)
[    0.487174] PCI: MMCONFIG at [mem 0xe0000000-0xefffffff] reserved in E820
[    0.526148] PCI: Using configuration type 1 for base access
[    0.526861] bio: create slab <bio-0> at 0
[    0.526933] ACPI: Added _OSI(Module Device)
[    0.526935] ACPI: Added _OSI(Processor Device)
[    0.526936] ACPI: Added _OSI(3.0 _SCP Extensions)
[    0.526937] ACPI: Added _OSI(Processor Aggregator Device)
[    0.527886] ACPI: EC: Look up EC in DSDT
[    0.528987] ACPI: Executed 1 blocks of module-level executable AML code
[    0.531691] ACPI: SSDT 00000000b3602c18 0038C (v01    AMI      IST 00000001 MSFT 03000001)
[    0.531948] ACPI: Dynamic OEM Table Load:
[    0.531950] ACPI: SSDT           (null) 0038C (v01    AMI      IST 00000001 MSFT 03000001)
[    0.532368] ACPI: Interpreter enabled
[    0.532370] ACPI: (supports S0 S3 S4 S5)
[    0.532382] ACPI: Using IOAPIC for interrupt routing
[    0.532556] [Firmware Bug]: ACPI: BIOS _OSI(Linux) query ignored
[    0.536900] ACPI: No dock devices found.
[    0.536902] HEST: Table not found.
[    0.536904] PCI: Using host bridge windows from ACPI; if necessary, use "pci=nocrs" and report a bug
[    0.536991] ACPI: PCI Root Bridge [PCI0] (domain 0000 [bus 00-ff])
[    0.537063] pci_root PNP0A08:00: host bridge window [io  0x0000-0x0cf7]
[    0.537064] pci_root PNP0A08:00: host bridge window [io  0x0d00-0xffff]
[    0.537066] pci_root PNP0A08:00: host bridge window [mem 0x000a0000-0x000bffff]
[    0.537068] pci_root PNP0A08:00: host bridge window [mem 0xc0000000-0xffffffff]
[    0.537077] pci 0000:00:00.0: [8086:0040] type 0 class 0x000600
[    0.537091] DMAR: BIOS has allocated no shadow GTT; disabling IOMMU for graphics
[    0.537107] pci 0000:00:02.0: [8086:0042] type 0 class 0x000300
[    0.537115] pci 0000:00:02.0: reg 10: [mem 0xfe000000-0xfe3fffff 64bit]
[    0.537120] pci 0000:00:02.0: reg 18: [mem 0xd0000000-0xdfffffff 64bit pref]
[    0.537124] pci 0000:00:02.0: reg 20: [io  0xf0b0-0xf0b7]
[    0.537178] pci 0000:00:16.0: [8086:3b64] type 0 class 0x000780
[    0.537203] pci 0000:00:16.0: reg 10: [mem 0xfe52a000-0xfe52a00f 64bit]
[    0.537292] pci 0000:00:16.0: PME# supported from D0 D3hot D3cold
[    0.537297] pci 0000:00:16.0: PME# disabled
[    0.537318] pci 0000:00:16.3: [8086:3b67] type 0 class 0x000700
[    0.537334] pci 0000:00:16.3: reg 10: [io  0xf0a0-0xf0a7]
[    0.537342] pci 0000:00:16.3: reg 14: [mem 0xfe529000-0xfe529fff]
[    0.537439] pci 0000:00:19.0: [8086:10ef] type 0 class 0x000200
[    0.537454] pci 0000:00:19.0: reg 10: [mem 0xfe500000-0xfe51ffff]
[    0.537461] pci 0000:00:19.0: reg 14: [mem 0xfe528000-0xfe528fff]
[    0.537469] pci 0000:00:19.0: reg 18: [io  0xf040-0xf05f]
[    0.537524] pci 0000:00:19.0: PME# supported from D0 D3hot D3cold
[    0.537528] pci 0000:00:19.0: PME# disabled
[    0.537548] pci 0000:00:1a.0: [8086:3b3c] type 0 class 0x000c03
[    0.537567] pci 0000:00:1a.0: reg 10: [mem 0xfe527000-0xfe5273ff]
[    0.537647] pci 0000:00:1a.0: PME# supported from D0 D3hot D3cold
[    0.537650] pci 0000:00:1a.0: PME# disabled
[    0.537671] pci 0000:00:1b.0: [8086:3b56] type 0 class 0x000403
[    0.537684] pci 0000:00:1b.0: reg 10: [mem 0xfe520000-0xfe523fff 64bit]
[    0.537742] pci 0000:00:1b.0: PME# supported from D0 D3hot D3cold
[    0.537745] pci 0000:00:1b.0: PME# disabled
[    0.537762] pci 0000:00:1c.0: [8086:3b42] type 1 class 0x000604
[    0.537826] pci 0000:00:1c.0: PME# supported from D0 D3hot D3cold
[    0.537829] pci 0000:00:1c.0: PME# disabled
[    0.537850] pci 0000:00:1c.4: [8086:3b4a] type 1 class 0x000604
[    0.537913] pci 0000:00:1c.4: PME# supported from D0 D3hot D3cold
[    0.537916] pci 0000:00:1c.4: PME# disabled
[    0.537942] pci 0000:00:1d.0: [8086:3b34] type 0 class 0x000c03
[    0.537961] pci 0000:00:1d.0: reg 10: [mem 0xfe526000-0xfe5263ff]
[    0.538040] pci 0000:00:1d.0: PME# supported from D0 D3hot D3cold
[    0.538044] pci 0000:00:1d.0: PME# disabled
[    0.538061] pci 0000:00:1e.0: [8086:244e] type 1 class 0x000604
[    0.538117] pci 0000:00:1f.0: [8086:3b0a] type 0 class 0x000601
[    0.538228] pci 0000:00:1f.2: [8086:3b22] type 0 class 0x000106
[    0.538245] pci 0000:00:1f.2: reg 10: [io  0xf090-0xf097]
[    0.538252] pci 0000:00:1f.2: reg 14: [io  0xf080-0xf083]
[    0.538259] pci 0000:00:1f.2: reg 18: [io  0xf070-0xf077]
[    0.538267] pci 0000:00:1f.2: reg 1c: [io  0xf060-0xf063]
[    0.538273] pci 0000:00:1f.2: reg 20: [io  0xf020-0xf03f]
[    0.538281] pci 0000:00:1f.2: reg 24: [mem 0xfe525000-0xfe5257ff]
[    0.538318] pci 0000:00:1f.2: PME# supported from D3hot
[    0.538320] pci 0000:00:1f.2: PME# disabled
[    0.538334] pci 0000:00:1f.3: [8086:3b30] type 0 class 0x000c05
[    0.538347] pci 0000:00:1f.3: reg 10: [mem 0xfe524000-0xfe5240ff 64bit]
[    0.538366] pci 0000:00:1f.3: reg 20: [io  0xf000-0xf01f]
[    0.538424] pci 0000:00:1c.0: PCI bridge to [bus 01-01]
[    0.538484] pci 0000:02:00.0: [11ab:4365] type 0 class 0x000200
[    0.538504] pci 0000:02:00.0: reg 10: [mem 0xfe420000-0xfe423fff 64bit]
[    0.538516] pci 0000:02:00.0: reg 18: [io  0xe000-0xe0ff]
[    0.538556] pci 0000:02:00.0: reg 30: [mem 0xfe400000-0xfe41ffff pref]
[    0.538617] pci 0000:02:00.0: supports D1 D2
[    0.538618] pci 0000:02:00.0: PME# supported from D0 D1 D2 D3hot D3cold
[    0.538622] pci 0000:02:00.0: PME# disabled
[    0.543009] pci 0000:00:1c.4: PCI bridge to [bus 02-02]
[    0.543013] pci 0000:00:1c.4:   bridge window [io  0xe000-0xefff]
[    0.543016] pci 0000:00:1c.4:   bridge window [mem 0xfe400000-0xfe4fffff]
[    0.543071] pci 0000:00:1e.0: PCI bridge to [bus 03-03] (subtractive decode)
[    0.543079] pci 0000:00:1e.0:   bridge window [io  0x0000-0x0cf7] (subtractive decode)
[    0.543081] pci 0000:00:1e.0:   bridge window [io  0x0d00-0xffff] (subtractive decode)
[    0.543082] pci 0000:00:1e.0:   bridge window [mem 0x000a0000-0x000bffff] (subtractive decode)
[    0.543084] pci 0000:00:1e.0:   bridge window [mem 0xc0000000-0xffffffff] (subtractive decode)
[    0.543098] ACPI: PCI Interrupt Routing Table [\_SB_.PCI0._PRT]
[    0.543220] ACPI: PCI Interrupt Routing Table [\_SB_.PCI0.BR20._PRT]
[    0.543247] ACPI: PCI Interrupt Routing Table [\_SB_.PCI0.PEX0._PRT]
[    0.543269] ACPI: PCI Interrupt Routing Table [\_SB_.PCI0.PEX4._PRT]
[    0.543342]  pci0000:00: Requesting ACPI _OSC control (0x1d)
[    0.543430]  pci0000:00: ACPI _OSC control (0x1d) granted
[    0.546560] ACPI: PCI Interrupt Link [LNKA] (IRQs 3 4 5 6 7 10 *11 12 14 15)
[    0.546592] ACPI: PCI Interrupt Link [LNKB] (IRQs 3 4 5 6 7 *10 11 12 14 15)
[    0.546622] ACPI: PCI Interrupt Link [LNKC] (IRQs 3 4 *5 6 10 11 12 14 15)
[    0.546652] ACPI: PCI Interrupt Link [LNKD] (IRQs 3 4 5 6 *10 11 12 14 15)
[    0.546684] ACPI: PCI Interrupt Link [LNKE] (IRQs 3 4 *5 6 7 10 11 12 14 15)
[    0.546715] ACPI: PCI Interrupt Link [LNKF] (IRQs 3 4 5 6 7 10 11 12 14 15) *0
[    0.546745] ACPI: PCI Interrupt Link [LNKG] (IRQs 3 4 5 6 *7 10 11 12 14 15)
[    0.546775] ACPI: PCI Interrupt Link [LNKH] (IRQs 3 4 5 6 7 10 *11 12 14 15)
[    0.546863] vgaarb: device added: PCI:0000:00:02.0,decodes=io+mem,owns=io+mem,locks=none
[    0.546868] vgaarb: loaded
[    0.546869] vgaarb: bridge control possible 0000:00:02.0
[    0.546938] i2c-core: driver [aat2870] using legacy suspend method
[    0.546939] i2c-core: driver [aat2870] using legacy resume method
[    0.546993] SCSI subsystem initialized
[    0.547042] libata version 3.00 loaded.
[    0.547075] usbcore: registered new interface driver usbfs
[    0.547083] usbcore: registered new interface driver hub
[    0.547103] usbcore: registered new device driver usb
[    0.547162] PCI: Using ACPI for IRQ routing
[    0.552094] PCI: Discovered peer bus ff
[    0.552122] pci 0000:ff:00.0: [8086:2c61] type 0 class 0x000600
[    0.552141] pci 0000:ff:00.1: [8086:2d01] type 0 class 0x000600
[    0.552156] pci 0000:ff:02.0: [8086:2d10] type 0 class 0x000600
[    0.552169] pci 0000:ff:02.1: [8086:2d11] type 0 class 0x000600
[    0.552182] pci 0000:ff:02.2: [8086:2d12] type 0 class 0x000600
[    0.552195] pci 0000:ff:02.3: [8086:2d13] type 0 class 0x000600
[    0.552309] PCI: pci_cache_line_size set to 64 bytes
[    0.552362] reserve RAM buffer: 000000000009ac00 - 000000000009ffff 
[    0.552364] reserve RAM buffer: 00000000b354c000 - 00000000b3ffffff 
[    0.552366] reserve RAM buffer: 00000000b35ce000 - 00000000b3ffffff 
[    0.552367] reserve RAM buffer: 00000000b3800000 - 00000000b3ffffff 
[    0.552439] NetLabel: Initializing
[    0.552440] NetLabel:  domain hash size = 128
[    0.552441] NetLabel:  protocols = UNLABELED CIPSOv4
[    0.552449] NetLabel:  unlabeled traffic allowed by default
[    0.552489] hpet0: at MMIO 0xfed00000, IRQs 2, 8, 0, 0, 0, 0, 0, 0
[    0.552494] hpet0: 8 comparators, 64-bit 14.318180 MHz counter
[    0.554501] Switching to clocksource hpet
[    0.559202] AppArmor: AppArmor Filesystem Enabled
[    0.559228] pnp: PnP ACPI init
[    0.559241] ACPI: bus type pnp registered
[    0.559309] pnp 00:00: [bus 00-ff]
[    0.559311] pnp 00:00: [io  0x0cf8-0x0cff]
[    0.559312] pnp 00:00: [io  0x0000-0x0cf7 window]
[    0.559314] pnp 00:00: [io  0x0d00-0xffff window]
[    0.559315] pnp 00:00: [mem 0x000a0000-0x000bffff window]
[    0.559316] pnp 00:00: [mem 0x00000000 window]
[    0.559317] pnp 00:00: [mem 0xc0000000-0xffffffff window]
[    0.559380] pnp 00:00: Plug and Play ACPI device, IDs PNP0a08 PNP0a03 (active)
[    0.559411] pnp 00:01: [mem 0xfed14000-0xfed19fff]
[    0.559412] pnp 00:01: [mem 0xe0000000-0xefffffff]
[    0.559413] pnp 00:01: [mem 0xfed90000-0xfed93fff]
[    0.559414] pnp 00:01: [mem 0xfed20000-0xfed3ffff]
[    0.559416] pnp 00:01: [mem 0xfee00000-0xfee0ffff]
[    0.559456] system 00:01: [mem 0xfed14000-0xfed19fff] has been reserved
[    0.559458] system 00:01: [mem 0xe0000000-0xefffffff] has been reserved
[    0.559459] system 00:01: [mem 0xfed90000-0xfed93fff] has been reserved
[    0.559461] system 00:01: [mem 0xfed20000-0xfed3ffff] has been reserved
[    0.559463] system 00:01: [mem 0xfee00000-0xfee0ffff] has been reserved
[    0.559465] system 00:01: Plug and Play ACPI device, IDs PNP0c01 (active)
[    0.559509] pnp 00:02: [io  0x0000-0xffffffffffffffff disabled]
[    0.559510] pnp 00:02: [io  0x0a00-0x0a7f]
[    0.559534] system 00:02: [io  0x0a00-0x0a7f] has been reserved
[    0.559537] system 00:02: Plug and Play ACPI device, IDs PNP0c02 (active)
[    0.559687] pnp 00:03: [dma 4]
[    0.559689] pnp 00:03: [io  0x0000-0x000f]
[    0.559691] pnp 00:03: [io  0x0081-0x0083]
[    0.559692] pnp 00:03: [io  0x0087]
[    0.559693] pnp 00:03: [io  0x0089-0x008b]
[    0.559694] pnp 00:03: [io  0x008f]
[    0.559695] pnp 00:03: [io  0x00c0-0x00df]
[    0.559712] pnp 00:03: Plug and Play ACPI device, IDs PNP0200 (active)
[    0.559719] pnp 00:04: [io  0x0070-0x0071]
[    0.559728] pnp 00:04: [irq 8]
[    0.559744] pnp 00:04: Plug and Play ACPI device, IDs PNP0b00 (active)
[    0.559750] pnp 00:05: [io  0x0061]
[    0.559767] pnp 00:05: Plug and Play ACPI device, IDs PNP0800 (active)
[    0.559782] pnp 00:06: [io  0x0010-0x001f]
[    0.559783] pnp 00:06: [io  0x0022-0x003f]
[    0.559785] pnp 00:06: [io  0x0044-0x005f]
[    0.559786] pnp 00:06: [io  0x0062-0x0063]
[    0.559787] pnp 00:06: [io  0x0065-0x006f]
[    0.559788] pnp 00:06: [io  0x0072-0x007f]
[    0.559789] pnp 00:06: [io  0x0080]
[    0.559790] pnp 00:06: [io  0x0084-0x0086]
[    0.559791] pnp 00:06: [io  0x0088]
[    0.559792] pnp 00:06: [io  0x008c-0x008e]
[    0.559793] pnp 00:06: [io  0x0090-0x009f]
[    0.559794] pnp 00:06: [io  0x00a2-0x00bf]
[    0.559795] pnp 00:06: [io  0x00e0-0x00ef]
[    0.559796] pnp 00:06: [io  0x04d0-0x04d1]
[    0.559798] pnp 00:06: [mem 0x00000000-0xffffffffffffffff disabled]
[    0.559828] system 00:06: [io  0x04d0-0x04d1] has been reserved
[    0.559830] system 00:06: Plug and Play ACPI device, IDs PNP0c02 (active)
[    0.559836] pnp 00:07: [io  0x00f0-0x00ff]
[    0.559841] pnp 00:07: [irq 13]
[    0.559858] pnp 00:07: Plug and Play ACPI device, IDs PNP0c04 (active)
[    0.560014] pnp 00:08: [io  0x03f8-0x03ff]
[    0.560018] pnp 00:08: [irq 4]
[    0.560019] pnp 00:08: [dma 0 disabled]
[    0.560058] pnp 00:08: Plug and Play ACPI device, IDs PNP0501 (active)
[    0.560211] pnp 00:09: [io  0x02f8-0x02ff]
[    0.560216] pnp 00:09: [irq 3]
[    0.560219] pnp 00:09: [dma 0 disabled]
[    0.560255] pnp 00:09: Plug and Play ACPI device, IDs PNP0501 (active)
[    0.560270] pnp 00:0a: [io  0x0060]
[    0.560271] pnp 00:0a: [io  0x0064]
[    0.560276] pnp 00:0a: [irq 1]
[    0.560297] pnp 00:0a: Plug and Play ACPI device, IDs PNP0303 PNP030b (active)
[    0.560321] pnp 00:0b: [irq 12]
[    0.560343] pnp 00:0b: Plug and Play ACPI device, IDs PNP0f03 PNP0f13 (active)
[    0.560362] pnp 00:0c: [mem 0xfed40000-0xfed44fff]
[    0.560379] pnp 00:0c: Plug and Play ACPI device, IDs PNP0c31 (active)
[    0.560469] pnp 00:0d: [io  0x0400-0x047f]
[    0.560470] pnp 00:0d: [io  0x1180-0x119f]
[    0.560472] pnp 00:0d: [io  0x0500-0x057f]
[    0.560473] pnp 00:0d: [mem 0x00000000-0x0009ffff]
[    0.560474] pnp 00:0d: [mem 0xfed1c000-0xfed1ffff]
[    0.560475] pnp 00:0d: [mem 0xfec00000-0xfecfffff]
[    0.560476] pnp 00:0d: [mem 0xfed08000-0xfed08fff]
[    0.560478] pnp 00:0d: [mem 0xff000000-0xffffffff]
[    0.560479] pnp 00:0d: [mem 0xfed00400-0xfed13fff]
[    0.560509] system 00:0d: [io  0x0400-0x047f] has been reserved
[    0.560511] system 00:0d: [io  0x1180-0x119f] has been reserved
[    0.560512] system 00:0d: [io  0x0500-0x057f] has been reserved
[    0.560514] system 00:0d: [mem 0x00000000-0x0009ffff] could not be reserved
[    0.560516] system 00:0d: [mem 0xfed1c000-0xfed1ffff] has been reserved
[    0.560518] system 00:0d: [mem 0xfec00000-0xfecfffff] could not be reserved
[    0.560520] system 00:0d: [mem 0xfed08000-0xfed08fff] has been reserved
[    0.560521] system 00:0d: [mem 0xff000000-0xffffffff] has been reserved
[    0.560523] system 00:0d: [mem 0xfed00400-0xfed13fff] could not be reserved
[    0.560525] system 00:0d: Plug and Play ACPI device, IDs PNP0c01 (active)
[    0.560605] pnp 00:0e: [mem 0xfed00000-0xfed003ff]
[    0.560633] pnp 00:0e: Plug and Play ACPI device, IDs PNP0103 (active)
[    0.560748] pnp: PnP ACPI: found 15 devices
[    0.560749] ACPI: ACPI bus type pnp unregistered
[    0.567111] PCI: max bus depth: 1 pci_try_num: 2
[    0.567140] pci 0000:00:1c.4: BAR 15: assigned [mem 0xc0000000-0xc01fffff 64bit pref]
[    0.567142] pci 0000:00:1c.0: BAR 14: assigned [mem 0xc0200000-0xc03fffff]
[    0.567144] pci 0000:00:1c.0: BAR 15: assigned [mem 0xc0400000-0xc05fffff 64bit pref]
[    0.567147] pci 0000:00:1c.0: BAR 13: assigned [io  0x2000-0x2fff]
[    0.567149] pci 0000:00:1c.0: PCI bridge to [bus 01-01]
[    0.567151] pci 0000:00:1c.0:   bridge window [io  0x2000-0x2fff]
[    0.567155] pci 0000:00:1c.0:   bridge window [mem 0xc0200000-0xc03fffff]
[    0.567159] pci 0000:00:1c.0:   bridge window [mem 0xc0400000-0xc05fffff 64bit pref]
[    0.567164] pci 0000:00:1c.4: PCI bridge to [bus 02-02]
[    0.567165] pci 0000:00:1c.4:   bridge window [io  0xe000-0xefff]
[    0.567169] pci 0000:00:1c.4:   bridge window [mem 0xfe400000-0xfe4fffff]
[    0.567173] pci 0000:00:1c.4:   bridge window [mem 0xc0000000-0xc01fffff 64bit pref]
[    0.567178] pci 0000:00:1e.0: PCI bridge to [bus 03-03]
[    0.567200] pci 0000:00:1c.0: PCI INT A -> GSI 16 (level, low) -> IRQ 16
[    0.567204] pci 0000:00:1c.0: setting latency timer to 64
[    0.567209] pci 0000:00:1c.4: PCI INT A -> GSI 16 (level, low) -> IRQ 16
[    0.567212] pci 0000:00:1c.4: setting latency timer to 64
[    0.567218] pci 0000:00:1e.0: setting latency timer to 64
[    0.567221] pci_bus 0000:00: resource 4 [io  0x0000-0x0cf7]
[    0.567223] pci_bus 0000:00: resource 5 [io  0x0d00-0xffff]
[    0.567224] pci_bus 0000:00: resource 6 [mem 0x000a0000-0x000bffff]
[    0.567226] pci_bus 0000:00: resource 7 [mem 0xc0000000-0xffffffff]
[    0.567227] pci_bus 0000:01: resource 0 [io  0x2000-0x2fff]
[    0.567229] pci_bus 0000:01: resource 1 [mem 0xc0200000-0xc03fffff]
[    0.567230] pci_bus 0000:01: resource 2 [mem 0xc0400000-0xc05fffff 64bit pref]
[    0.567232] pci_bus 0000:02: resource 0 [io  0xe000-0xefff]
[    0.567234] pci_bus 0000:02: resource 1 [mem 0xfe400000-0xfe4fffff]
[    0.567235] pci_bus 0000:02: resource 2 [mem 0xc0000000-0xc01fffff 64bit pref]
[    0.567237] pci_bus 0000:03: resource 4 [io  0x0000-0x0cf7]
[    0.567239] pci_bus 0000:03: resource 5 [io  0x0d00-0xffff]
[    0.567240] pci_bus 0000:03: resource 6 [mem 0x000a0000-0x000bffff]
[    0.567242] pci_bus 0000:03: resource 7 [mem 0xc0000000-0xffffffff]
[    0.567244] pci_bus 0000:ff: resource 0 [io  0x0000-0xffff]
[    0.567245] pci_bus 0000:ff: resource 1 [mem 0x00000000-0xfffffffff]
[    0.567274] NET: Registered protocol family 2
[    0.567369] IP route cache hash table entries: 131072 (order: 8, 1048576 bytes)
[    0.567938] TCP established hash table entries: 524288 (order: 11, 8388608 bytes)
[    0.569351] TCP bind hash table entries: 65536 (order: 8, 1048576 bytes)
[    0.569531] TCP: Hash tables configured (established 524288 bind 65536)
[    0.569533] TCP reno registered
[    0.569540] UDP hash table entries: 2048 (order: 4, 65536 bytes)
[    0.569555] UDP-Lite hash table entries: 2048 (order: 4, 65536 bytes)
[    0.569634] NET: Registered protocol family 1
[    0.569646] pci 0000:00:02.0: Boot video device
[    0.569665] pci 0000:00:1a.0: PCI INT A -> GSI 16 (level, low) -> IRQ 16
[    0.742189] pci 0000:00:1a.0: PCI INT A disabled
[    0.742221] pci 0000:00:1d.0: PCI INT A -> GSI 23 (level, low) -> IRQ 23
[    0.913750] pci 0000:00:1d.0: PCI INT A disabled
[    0.913775] PCI: CLS 64 bytes, default 64
[    0.913777] PCI-DMA: Using software bounce buffering for IO (SWIOTLB)
[    0.913779] Placing 64MB software IO TLB between ffff8800af54c000 - ffff8800b354c000
[    0.913780] software IO TLB at phys 0xaf54c000 - 0xb354c000
[    0.914166] audit: initializing netlink socket (disabled)
[    0.914175] type=2000 audit(1406037790.756:1): initialized
[    0.930156] HugeTLB registered 2 MB page size, pre-allocated 0 pages
[    0.931581] VFS: Disk quotas dquot_6.5.2
[    0.931616] Dquot-cache hash table entries: 512 (order 0, 4096 bytes)
[    0.931966] fuse init (API version 7.17)
[    0.932029] msgmni has been set to 7224
[    0.932307] Block layer SCSI generic (bsg) driver version 0.4 loaded (major 253)
[    0.932328] io scheduler noop registered
[    0.932330] io scheduler deadline registered
[    0.932352] io scheduler cfq registered (default)
[    0.932433] pcieport 0000:00:1c.0: setting latency timer to 64
[    0.932471] pcieport 0000:00:1c.0: irq 40 for MSI/MSI-X
[    0.932535] pcieport 0000:00:1c.4: setting latency timer to 64
[    0.932566] pcieport 0000:00:1c.4: irq 41 for MSI/MSI-X
[    0.932641] pcieport 0000:00:1c.0: Signaling PME through PCIe PME interrupt
[    0.932645] pcie_pme 0000:00:1c.0:pcie01: service driver pcie_pme loaded
[    0.932658] pcieport 0000:00:1c.4: Signaling PME through PCIe PME interrupt
[    0.932660] pci 0000:02:00.0: Signaling PME through PCIe PME interrupt
[    0.932663] pcie_pme 0000:00:1c.4:pcie01: service driver pcie_pme loaded
[    0.932673] pci_hotplug: PCI Hot Plug PCI Core version: 0.5
[    0.932698] pciehp 0000:00:1c.0:pcie04: HPC vendor_id 8086 device_id 3b42 ss_vid 17aa ss_did 3053
[    0.932716] pciehp 0000:00:1c.0:pcie04: service driver pciehp loaded
[    0.932724] pciehp 0000:00:1c.4:pcie04: HPC vendor_id 8086 device_id 3b4a ss_vid 17aa ss_did 3053
[    0.932738] pciehp 0000:00:1c.4:pcie04: service driver pciehp loaded
[    0.932742] pciehp: PCI Express Hot Plug Controller Driver version: 0.4
[    0.932776] intel_idle: MWAIT substates: 0x1120
[    0.932777] intel_idle: v0.4 model 0x25
[    0.932778] intel_idle: lapic_timer_reliable_states 0xffffffff
[    0.932859] input: Power Button as /devices/LNXSYSTM:00/LNXSYBUS:00/PNP0C0C:00/input/input0
[    0.932864] ACPI: Power Button [PWRB]
[    0.932892] input: Power Button as /devices/LNXSYSTM:00/LNXPWRBN:00/input/input1
[    0.932894] ACPI: Power Button [PWRF]
[    0.935055] ERST: Table is not found!
[    0.935058] GHES: HEST is not enabled!
[    0.935125] Serial: 8250/16550 driver, 32 ports, IRQ sharing enabled
[    0.955531] serial8250: ttyS0 at I/O 0x3f8 (irq = 4) is a 16550A
[    0.993963] serial8250: ttyS1 at I/O 0x2f8 (irq = 3) is a 16550A
[    0.998501] Freeing initrd memory: 13976k freed
[    1.101820] 00:08: ttyS0 at I/O 0x3f8 (irq = 4) is a 16550A
[    1.145656] 00:09: ttyS1 at I/O 0x2f8 (irq = 3) is a 16550A
[    1.165214] serial 0000:00:16.3: PCI INT B -> GSI 17 (level, low) -> IRQ 17
[    1.185467] 0000:00:16.3: ttyS4 at I/O 0xf0a0 (irq = 17) is a 16550A
[    1.209228] Linux agpgart interface v0.103
[    1.209278] agpgart-intel 0000:00:00.0: Intel HD Graphics Chipset
[    1.209376] agpgart-intel 0000:00:00.0: detected gtt size: 2097152K total, 262144K mappable
[    1.210264] agpgart-intel 0000:00:00.0: detected 131072K stolen memory
[    1.210383] agpgart-intel 0000:00:00.0: AGP aperture is 256M @ 0xd0000000
[    1.211349] brd: module loaded
[    1.211844] loop: module loaded
[    1.211939] ahci 0000:00:1f.2: version 3.0
[    1.211957] ahci 0000:00:1f.2: PCI INT B -> GSI 19 (level, low) -> IRQ 19
[    1.211994] ahci 0000:00:1f.2: irq 42 for MSI/MSI-X
[    1.212044] ahci 0000:00:1f.2: AHCI 0001.0300 32 slots 6 ports 3 Gbps 0x13 impl SATA mode
[    1.212047] ahci 0000:00:1f.2: flags: 64bit ncq sntf ilck pm led clo pio slum part ems sxs apst 
[    1.212051] ahci 0000:00:1f.2: setting latency timer to 64
[    1.225337] scsi0 : ahci
[    1.225407] scsi1 : ahci
[    1.225459] scsi2 : ahci
[    1.225510] scsi3 : ahci
[    1.225561] scsi4 : ahci
[    1.225613] scsi5 : ahci
[    1.225705] ata1: SATA max UDMA/133 abar m2048@0xfe525000 port 0xfe525100 irq 42
[    1.225708] ata2: SATA max UDMA/133 abar m2048@0xfe525000 port 0xfe525180 irq 42
[    1.225709] ata3: DUMMY
[    1.225710] ata4: DUMMY
[    1.225712] ata5: SATA max UDMA/133 abar m2048@0xfe525000 port 0xfe525300 irq 42
[    1.225713] ata6: DUMMY
[    1.225983] Fixed MDIO Bus: probed
[    1.225995] tun: Universal TUN/TAP device driver, 1.6
[    1.225996] tun: (C) 1999-2004 Max Krasnyansky <maxk@qualcomm.com>
[    1.226038] PPP generic driver version 2.4.2
[    1.226129] ehci_hcd: USB 2.0 'Enhanced' Host Controller (EHCI) Driver
[    1.226141] ehci_hcd 0000:00:1a.0: PCI INT A -> GSI 16 (level, low) -> IRQ 16
[    1.226153] ehci_hcd 0000:00:1a.0: setting latency timer to 64
[    1.226156] ehci_hcd 0000:00:1a.0: EHCI Host Controller
[    1.226196] ehci_hcd 0000:00:1a.0: new USB bus registered, assigned bus number 1
[    1.226219] ehci_hcd 0000:00:1a.0: debug port 2
[    1.230142] ehci_hcd 0000:00:1a.0: cache line size of 64 is not supported
[    1.230154] ehci_hcd 0000:00:1a.0: irq 16, io mem 0xfe527000
[    1.244906] ehci_hcd 0000:00:1a.0: USB 2.0 started, EHCI 1.00
[    1.245048] hub 1-0:1.0: USB hub found
[    1.245051] hub 1-0:1.0: 3 ports detected
[    1.245100] ehci_hcd 0000:00:1d.0: PCI INT A -> GSI 23 (level, low) -> IRQ 23
[    1.245111] ehci_hcd 0000:00:1d.0: setting latency timer to 64
[    1.245114] ehci_hcd 0000:00:1d.0: EHCI Host Controller
[    1.245149] ehci_hcd 0000:00:1d.0: new USB bus registered, assigned bus number 2
[    1.245166] ehci_hcd 0000:00:1d.0: debug port 2
[    1.249115] ehci_hcd 0000:00:1d.0: cache line size of 64 is not supported
[    1.249126] ehci_hcd 0000:00:1d.0: irq 23, io mem 0xfe526000
[    1.264857] ehci_hcd 0000:00:1d.0: USB 2.0 started, EHCI 1.00
[    1.264982] hub 2-0:1.0: USB hub found
[    1.264985] hub 2-0:1.0: 3 ports detected
[    1.265025] ohci_hcd: USB 1.1 'Open' Host Controller (OHCI) Driver
[    1.265034] uhci_hcd: USB Universal Host Controller Interface driver
[    1.265063] usbcore: registered new interface driver libusual
[    1.265090] i8042: PNP: PS/2 Controller [PNP0303:PS2K,PNP0f03:PS2M] at 0x60,0x64 irq 1,12
[    1.267855] serio: i8042 KBD port at 0x60,0x64 irq 1
[    1.267859] serio: i8042 AUX port at 0x60,0x64 irq 12
[    1.267952] mousedev: PS/2 mouse device common for all mice
[    1.268063] rtc_cmos 00:04: RTC can wake from S4
[    1.268161] rtc_cmos 00:04: rtc core: registered rtc_cmos as rtc0
[    1.268188] rtc0: alarms up to one year, y3k, 114 bytes nvram, hpet irqs
[    1.268237] device-mapper: uevent: version 1.0.3
[    1.268289] device-mapper: ioctl: 4.22.0-ioctl (2011-10-19) initialised: dm-devel@redhat.com
[    1.268356] cpuidle: using governor ladder
[    1.268452] cpuidle: using governor menu
[    1.268453] EFI Variables Facility v0.08 2004-May-17
[    1.268605] TCP cubic registered
[    1.268672] NET: Registered protocol family 10
[    1.268997] NET: Registered protocol family 17
[    1.269000] Registering the dns_resolver key type
[    1.269113] PM: Hibernation image not present or could not be loaded.
[    1.269121] registered taskstats version 1
[    1.274596]   Magic number: 6:656:81
[    1.274722] rtc_cmos 00:04: setting system clock to 2014-07-22 14:03:11 UTC (1406037791)
[    1.275344] BIOS EDD facility v0.16 2004-Jun-25, 0 devices found
[    1.275345] EDD information not available.
[    1.286990] input: AT Translated Set 2 keyboard as /devices/platform/i8042/serio0/input/input2
[    1.544229] ata2: SATA link up 1.5 Gbps (SStatus 113 SControl 300)
[    1.544255] ata1: SATA link up 3.0 Gbps (SStatus 123 SControl 300)
[    1.544276] ata5: SATA link down (SStatus 0 SControl 300)
[    1.544629] ata2.00: ATAPI: OPTIARC DVD-ROM DDU1681S, 1.94, max UDMA/100
[    1.545925] ata2.00: configured for UDMA/100
[    1.556191] usb 1-1: new high-speed USB device number 2 using ehci_hcd
[    1.572587] ata1.00: ATA-8: WDC WD3200AAJS-08L7A0, 03.03E03, max UDMA/100
[    1.572593] ata1.00: 625142448 sectors, multi 16: LBA48 NCQ (depth 31/32), AA
[    1.573671] ata1.00: configured for UDMA/100
[    1.574012] scsi 0:0:0:0: Direct-Access     ATA      WDC WD3200AAJS-0 03.0 PQ: 0 ANSI: 5
[    1.574274] sd 0:0:0:0: [sda] 625142448 512-byte logical blocks: (320 GB/298 GiB)
[    1.574286] sd 0:0:0:0: Attached scsi generic sg0 type 0
[    1.574540] sd 0:0:0:0: [sda] Write Protect is off
[    1.574545] sd 0:0:0:0: [sda] Mode Sense: 00 3a 00 00
[    1.574700] sd 0:0:0:0: [sda] Write cache: enabled, read cache: enabled, doesn't support DPO or FUA
[    1.576111] scsi 1:0:0:0: CD-ROM            OPTIARC  DVD-ROM DDU1681S 1.94 PQ: 0 ANSI: 5
[    1.578938] sr0: scsi3-mmc drive: 48x/48x cd/rw xa/form2 cdda tray
[    1.578943] cdrom: Uniform CD-ROM driver Revision: 3.20
[    1.579250] sr 1:0:0:0: Attached scsi CD-ROM sr0
[    1.579417] sr 1:0:0:0: Attached scsi generic sg1 type 5
[    1.603032]  sda: sda1 sda2 < sda5 >
[    1.604257] sd 0:0:0:0: [sda] Attached SCSI disk
[    1.605375] Freeing unused kernel memory: 924k freed
[    1.605490] Write protecting the kernel read-only data: 12288k
[    1.608823] Freeing unused kernel memory: 1588k freed
[    1.611439] Freeing unused kernel memory: 1188k freed
[    1.627004] udevd[106]: starting version 175
[    1.643984] Btrfs loaded
[    1.646943] e1000e: Intel(R) PRO/1000 Network Driver - 1.5.1-k
[    1.646945] e1000e: Copyright(c) 1999 - 2011 Intel Corporation.
[    1.646986] e1000e 0000:00:19.0: PCI INT A -> GSI 20 (level, low) -> IRQ 20
[    1.646998] e1000e 0000:00:19.0: setting latency timer to 64
[    1.647097] e1000e 0000:00:19.0: irq 43 for MSI/MSI-X
[    1.653110] sky2: driver version 1.30
[    1.653142] sky2 0000:02:00.0: PCI INT A -> GSI 16 (level, low) -> IRQ 16
[    1.653154] sky2 0000:02:00.0: setting latency timer to 64
[    1.653180] sky2 0000:02:00.0: Yukon-2 Extreme chip revision 2
[    1.653263] sky2 0000:02:00.0: irq 44 for MSI/MSI-X
[    1.659959] sky2 0000:02:00.0: eth0: addr 00:e0:4c:97:7f:d5
[    1.688820] hub 1-1:1.0: USB hub found
[    1.688920] hub 1-1:1.0: 6 ports detected
[    1.799532] usb 2-1: new high-speed USB device number 2 using ehci_hcd
[    1.837413] e1000e 0000:00:19.0: eth1: (PCI Express:2.5GT/s:Width x1) 00:24:7e:0f:5c:82
[    1.837415] e1000e 0000:00:19.0: eth1: Intel(R) PRO/1000 Network Connection
[    1.837453] e1000e 0000:00:19.0: eth1: MAC: 9, PHY: 9, PBA No: FFFFFF-0FF
[    1.911289] Refined TSC clocksource calibration: 3192.001 MHz.
[    1.911296] Switching to clocksource tsc
[    1.932076] hub 2-1:1.0: USB hub found
[    1.932134] hub 2-1:1.0: 8 ports detected
[    2.012488] EXT4-fs (sda1): INFO: recovery required on readonly filesystem
[    2.012491] EXT4-fs (sda1): write access will be enabled during recovery
[    5.349731] EXT4-fs (sda1): recovery complete
[    5.350186] EXT4-fs (sda1): mounted filesystem with ordered data mode. Opts: (null)
[   23.301025] Adding 3856380k swap on /dev/sda5.  Priority:-1 extents:1 across:3856380k 
[   23.453637] EXT4-fs (sda1): re-mounted. Opts: errors=remount-ro
[   24.459867] ADDRCONF(NETDEV_UP): eth0: link is not ready
[   24.459872] ADDRCONF(NETDEV_UP): eth1: link is not ready
[   24.493114] RPC: Registered named UNIX socket transport module.
[   24.493119] RPC: Registered udp transport module.
[   24.493121] RPC: Registered tcp transport module.
[   24.493124] RPC: Registered tcp NFSv4.1 backchannel transport module.
[   24.618010] FS-Cache: Loaded
[   24.644141] FS-Cache: Netfs 'nfs' registered for caching
[   24.776664] Installing knfsd (copyright (C) 1996 okir@monad.swb.de).
[   25.060911] udevd[596]: starting version 175
[   25.609274] lp: driver loaded but no devices found
[   26.149994] ppdev: user-space parallel port driver
[   26.491364] Bluetooth: Core ver 2.16
[   26.491379] NET: Registered protocol family 31
[   26.491381] Bluetooth: HCI device and connection manager initialized
[   26.491382] Bluetooth: HCI socket layer initialized
[   26.491384] Bluetooth: L2CAP socket layer initialized
[   26.491388] Bluetooth: SCO socket layer initialized
[   26.534089] Bluetooth: RFCOMM TTY layer initialized
[   26.534098] Bluetooth: RFCOMM socket layer initialized
[   26.534103] Bluetooth: RFCOMM ver 1.11
[   26.651811] type=1400 audit(1406037816.935:2): apparmor="STATUS" operation="profile_load" name="/usr/lib/cups/backend/cups-pdf" pid=638 comm="apparmor_parser"
[   26.652106] type=1400 audit(1406037816.935:3): apparmor="STATUS" operation="profile_load" name="/usr/sbin/cupsd" pid=638 comm="apparmor_parser"
[   27.292302] Bluetooth: BNEP (Ethernet Emulation) ver 1.3
[   27.292304] Bluetooth: BNEP filters: protocol multicast
[   27.352386] wmi: Mapper loaded
[   27.439449] mei: module is from the staging directory, the quality is unknown, you have been warned.
[   27.439687] mei 0000:00:16.0: PCI INT A -> GSI 16 (level, low) -> IRQ 16
[   27.439693] mei 0000:00:16.0: setting latency timer to 64
[   27.439754] mei 0000:00:16.0: irq 45 for MSI/MSI-X
[   27.653135] tpm_tis 00:0c: 1.2 TPM (device-id 0x0, rev-id 78)
[   27.954411] device-mapper: multipath: version 1.3.1 loaded
[   28.104342] [drm] Initialized drm 1.1.0 20060810
[   28.225886] type=1400 audit(1406037818.515:4): apparmor="STATUS" operation="profile_load" name="/sbin/dhclient" pid=871 comm="apparmor_parser"
[   28.225923] type=1400 audit(1406037818.515:5): apparmor="STATUS" operation="profile_replace" name="/sbin/dhclient" pid=872 comm="apparmor_parser"
[   28.225930] type=1400 audit(1406037818.515:6): apparmor="STATUS" operation="profile_replace" name="/sbin/dhclient" pid=888 comm="apparmor_parser"
[   28.226133] type=1400 audit(1406037818.515:7): apparmor="STATUS" operation="profile_load" name="/usr/lib/NetworkManager/nm-dhcp-client.action" pid=871 comm="apparmor_parser"
[   28.226278] type=1400 audit(1406037818.515:8): apparmor="STATUS" operation="profile_load" name="/usr/lib/connman/scripts/dhclient-script" pid=871 comm="apparmor_parser"
[   28.226369] type=1400 audit(1406037818.515:9): apparmor="STATUS" operation="profile_replace" name="/usr/lib/NetworkManager/nm-dhcp-client.action" pid=872 comm="apparmor_parser"
[   28.226376] type=1400 audit(1406037818.515:10): apparmor="STATUS" operation="profile_replace" name="/usr/lib/NetworkManager/nm-dhcp-client.action" pid=888 comm="apparmor_parser"
[   28.226639] type=1400 audit(1406037818.515:11): apparmor="STATUS" operation="profile_replace" name="/usr/lib/connman/scripts/dhclient-script" pid=872 comm="apparmor_parser"
[   28.591812] i915 0000:00:02.0: PCI INT A -> GSI 16 (level, low) -> IRQ 16
[   28.591816] i915 0000:00:02.0: setting latency timer to 64
[   28.633147] init: failsafe main process (935) killed by TERM signal
[   28.636675] i915 0000:00:02.0: irq 46 for MSI/MSI-X
[   28.636679] [drm] Supports vblank timestamp caching Rev 1 (10.10.2010).
[   28.636680] [drm] Driver supports precise vblank timestamp query.
[   28.636711] vgaarb: device changed decodes: PCI:0000:00:02.0,olddecodes=io+mem,decodes=io+mem:owns=io+mem
[   28.855253] input: ImPS/2 Logitech Wheel Mouse as /devices/platform/i8042/serio1/input/input3
[   28.880648] fbcon: inteldrmfb (fb0) is primary device
[   28.880840] Console: switching to colour frame buffer device 210x65
[   28.880877] fb0: inteldrmfb frame buffer device
[   28.880878] drm: registered panic notifier
[   28.880891] No ACPI video bus found
[   28.881139] [drm] Initialized i915 1.6.0 20080730 for 0000:00:02.0 on minor 0
[   28.881193] snd_hda_intel 0000:00:1b.0: PCI INT A -> GSI 22 (level, low) -> IRQ 22
[   28.881235] snd_hda_intel 0000:00:1b.0: irq 47 for MSI/MSI-X
[   28.881257] snd_hda_intel 0000:00:1b.0: setting latency timer to 64
[   29.394028] HDMI status: Codec=3 Pin=5 Presence_Detect=0 ELD_Valid=0
[   29.394100] input: HDA Intel HDMI/DP,pcm=3 as /devices/pci0000:00/0000:00:1b.0/sound/card0/input4
[   29.394182] input: HDA Intel Line as /devices/pci0000:00/0000:00:1b.0/sound/card0/input5
[   29.394244] input: HDA Intel Front Mic as /devices/pci0000:00/0000:00:1b.0/sound/card0/input6
[   29.394310] input: HDA Intel Rear Mic as /devices/pci0000:00/0000:00:1b.0/sound/card0/input7
[   29.394467] input: HDA Intel Front Headphone as /devices/pci0000:00/0000:00:1b.0/sound/card0/input8
[   29.394585] input: HDA Intel Line-Out as /devices/pci0000:00/0000:00:1b.0/sound/card0/input9
[   31.074346] e1000e 0000:00:19.0: irq 43 for MSI/MSI-X
[   31.130063] e1000e 0000:00:19.0: irq 43 for MSI/MSI-X
[   31.130391] ADDRCONF(NETDEV_UP): eth1: link is not ready
[   31.130861] ADDRCONF(NETDEV_UP): eth1: link is not ready
[   31.569926] kvm: disabled by bios
[   31.626402] init: qemu-kvm pre-start process (1136) terminated with status 1
[   31.645310] init: tftpd-hpa main process (1154) terminated with status 1
[   31.645335] init: tftpd-hpa main process ended, respawning
[   31.847658] NFSD: Using /var/lib/nfs/v4recovery as the NFSv4 state recovery directory
[   31.872281] NFSD: starting 90-second grace period
[   32.547987] e1000e: eth1 NIC Link is Up 100 Mbps Full Duplex, Flow Control: Rx
[   32.547991] e1000e 0000:00:19.0: eth1: 10/100 speed: disabling TSO
[   32.548273] ADDRCONF(NETDEV_CHANGE): eth1: link becomes ready
[   33.627067] vboxdrv: Found 4 processor cores.
[   33.627258] vboxdrv: fAsync=0 offMin=0x204 offMax=0xd68
[   33.627314] vboxdrv: TSC mode is 'synchronous', kernel timer mode is 'normal'.
[   33.627316] vboxdrv: Successfully loaded version 4.1.12_Ubuntu (interface 0x00190000).
[   33.633940] vboxpci: IOMMU not found (not registered)
[   34.284710] init: plymouth-stop pre-start process (2001) terminated with status 1
[   43.582807] eth1: no IPv6 routers present
[131339.959822] sky2 0000:02:00.0: eth0: enabling interface
[131339.961585] ADDRCONF(NETDEV_UP): eth0: link is not ready
